// Jest Snapshot v1, https://goo.gl/fbAQLP

exports[`App should mount item  1`] = `
<App
  data={Array []}
>
  <div>
    loading
  </div>
</App>
`;
