// Jest Snapshot v1, https://goo.gl/fbAQLP

exports[`should match its snapshot with items 1`] = `
<div
  className="DesignerFilter"
>
  Loading
</div>
`;

exports[`should render a todo item  1`] = `
<div
  className="DesignerFilter"
>
  Loading
</div>
`;
