// Jest Snapshot v1, https://goo.gl/fbAQLP

exports[`MainBlock should match its snapshot with items 1`] = `
<div
  className="MainBlock"
>
  <div
    className="sideFilter"
  >
    <div
      className="CatFilterList"
    >
      <div
        className="filterItem"
        data-category-id={0}
        onClick={[Function]}
      >
        Clothing
      </div>
      <div
        className="filterItem"
        data-category-id={40}
        onClick={[Function]}
      >
        Beachwear
      </div>
      <div
        className="filterItem"
        data-category-id={48}
        onClick={[Function]}
      >
        Coat
      </div>
      <div
        className="filterItem"
        data-category-id={46}
        onClick={[Function]}
      >
        Dress
      </div>
      <div
        className="filterItem"
        data-category-id={44}
        onClick={[Function]}
      >
        Jackets
      </div>
      <div
        className="filterItem"
        data-category-id={55}
        onClick={[Function]}
      >
        Jeans
      </div>
      <div
        className="filterItem"
        data-category-id={42}
        onClick={[Function]}
      >
        Pants
      </div>
      <div
        className="filterItem"
        data-category-id={39}
        onClick={[Function]}
      >
        Top
      </div>
      <div
        className="filterItem"
        data-category-id={49}
        onClick={[Function]}
      >
        Wrap
      </div>
    </div>
    <div
      className="DesignerFilter"
    >
      <h4>
        Designer
      </h4>
      <a
        className="clearFilter"
        onClick={[Function]}
      >
        Clear
      </a>
      <ul
        className="scrollPanel"
      >
        <li
          data-designer-id={1643}
          onClick={[Function]}
        >
          <span
            className="filterCheckbox"
          />
          <div
            className="designer"
          >
            <span>
              A.P.C. Atelier de Production et de Création
            </span>
          </div>
          <div />
        </li>
      </ul>
    </div>
    <div
      className="ColorFilter"
    >
      <h4>
         COLOR 
      </h4>
      <a
        className="clearFilter"
        onClick={[Function]}
      >
        Clear
      </a>
      <ul>
        <li
          data-category-id={2}
          onClick={[Function]}
        >
          <span
            className="colorCheckbox"
          />
          <span
            className="colorName"
          >
            black
          </span>
          <div
            className="clear"
          />
        </li>
      </ul>
    </div>
  </div>
  <div
    className="productsList"
  >
    <ul>
      <li
        className="listItem"
      >
        <div
          className="productImage"
          onMouseEnter={[Function]}
          onMouseLeave={[Function]}
        >
          <img
            src="//cache.net-a-porter.com/images/products/543002/543002_ou_sl.jpg"
          />
          <div
            className="quickView"
            onClick={[Function]}
          >
            Quick View
          </div>
        </div>
        <div
          className="productInfo"
        >
          <span
            className="designer"
            data-product-id={543002}
          >
            Madeleine Thompson
          </span>
          <br />
          Cashmere wrap
          <br />
          <span>
            £380
          </span>
          <br />
        </div>
      </li>
    </ul>
  </div>
</div>
`;
