// Jest Snapshot v1, https://goo.gl/fbAQLP

exports[`ListSort should match its snapshot with items 1`] = `
<div
  className="sortBy"
>
  <select
    name="sortOrder"
    onChange={[Function]}
  >
    <option
      value="sort"
    >
      Sort by
    </option>
    <option
      value="low"
    >
      Price Low to High
    </option>
    <option
      value="high"
    >
      Price High to Low
    </option>
  </select>
</div>
`;
